// Vitest Snapshot v1, https://vitest.dev/guide/snapshot.html

exports[`FileDropzone > should render selected file information 1`] = `
<body>
  <div>
    <div
      class="p-8"
    >
      <div
        class="border-2 border-dashed rounded-xl p-12 text-center transition-all duration-300 border-green-300 bg-green-50"
      >
        <input
          accept=".docx,.pptx,.xlsx,.pdf,.htm,.html,.txt,.xlf,.xliff,.srt"
          class="hidden"
          type="file"
        />
        <div
          class="space-y-4"
        >
          <svg
            class="lucide lucide-check-circle w-16 h-16 text-green-500 mx-auto"
            fill="none"
            height="24"
            stroke="currentColor"
            stroke-linecap="round"
            stroke-linejoin="round"
            stroke-width="2"
            viewBox="0 0 24 24"
            width="24"
            xmlns="http://www.w3.org/2000/svg"
          >
            <path
              d="M22 11.08V12a10 10 0 1 1-5.93-9.14"
            />
            <path
              d="m9 11 3 3L22 4"
            />
          </svg>
          <div>
            <h3
              class="text-xl font-semibold text-gray-900 mb-2"
            >
              Arquivo Selecionado
            </h3>
            <p
              class="text-gray-600 mb-1"
            >
              documento.pdf
            </p>
            <p
              class="text-sm text-gray-500"
            >
              0.00
               MB
            </p>
          </div>
          <button
            class="text-blue-600 hover:text-blue-700 font-medium transition-colors"
          >
            Selecionar outro arquivo
          </button>
        </div>
      </div>
    </div>
  </div>
</body>
`;

exports[`FileDropzone > should render the empty dropzone with instructions and button 1`] = `
<body>
  <div>
    <div
      class="p-8"
    >
      <div
        class="border-2 border-dashed rounded-xl p-12 text-center transition-all duration-300 border-gray-300 bg-gray-50 hover:border-blue-400 hover:bg-blue-50"
      >
        <input
          accept=".docx,.pptx,.xlsx,.pdf,.htm,.html,.txt,.xlf,.xliff,.srt"
          class="hidden"
          type="file"
        />
        <div
          class="space-y-4"
        >
          <svg
            class="lucide lucide-upload w-16 h-16 text-gray-400 mx-auto"
            fill="none"
            height="24"
            stroke="currentColor"
            stroke-linecap="round"
            stroke-linejoin="round"
            stroke-width="2"
            viewBox="0 0 24 24"
            width="24"
            xmlns="http://www.w3.org/2000/svg"
          >
            <path
              d="M21 15v4a2 2 0 0 1-2 2H5a2 2 0 0 1-2-2v-4"
            />
            <polyline
              points="17 8 12 3 7 8"
            />
            <line
              x1="12"
              x2="12"
              y1="3"
              y2="15"
            />
          </svg>
          <div>
            <h3
              class="text-xl font-semibold text-gray-900 mb-2"
            >
              Carregar Documento
            </h3>
            <p
              class="text-gray-600 mb-4"
            >
              Arraste e solte seu arquivo aqui ou clique para selecionar
            </p>
            <button
              class="bg-blue-600 hover:bg-blue-700 text-white px-6 py-3 rounded-lg font-medium transition-colors"
            >
              Selecionar Arquivo
            </button>
          </div>
          <div
            class="text-sm text-gray-500"
          >
            <p
              class="mb-2"
            >
              Extens√µes suportadas:
            </p>
            <p
              class="font-mono text-xs"
            >
              .docx, .pdf, .txt
            </p>
          </div>
          <div
            class="mt-6 bg-gray-50 rounded-lg p-4"
          >
            <h4
              class="font-semibold text-gray-900 mb-3"
            >
              Limites por Formato de Arquivo
            </h4>
            <div
              class="overflow-x-auto"
            >
              <table
                class="w-full text-xs"
              >
                <thead>
                  <tr
                    class="border-b border-gray-200"
                  >
                    <th
                      class="text-center py-2 font-medium text-gray-700"
                    >
                      Formato
                    </th>
                    <th
                      class="text-center py-2 font-medium text-gray-700"
                    >
                      DeepL Suporte
                    </th>
                  </tr>
                </thead>
                <tbody
                  class="text-gray-600"
                >
                  <tr
                    class="border-b border-gray-100"
                  >
                    <td
                      class="py-2 font-mono"
                    >
                      Word (.docx / .doc) 
                    </td>
                    <td
                      class="text-center py-2"
                    >
                      30 MB
                      <br />
                      1M chars
                    </td>
                  </tr>
                  <tr
                    class="border-b border-gray-100"
                  >
                    <td
                      class="py-2 font-mono"
                    >
                      PowerPoint (.pptx) 
                    </td>
                    <td
                      class="text-center py-2"
                    >
                      30 MB
                      <br />
                      1M chars
                    </td>
                  </tr>
                  <tr
                    class="border-b border-gray-100"
                  >
                    <td
                      class="py-2 font-mono"
                    >
                      Excel (.xlsx) 
                    </td>
                    <td
                      class="text-center py-2"
                    >
                      30 MB
                      <br />
                      1M chars
                    </td>
                  </tr>
                  <tr
                    class="border-b border-gray-100"
                  >
                    <td
                      class="py-2 font-mono"
                    >
                      PDF (.pdf) 
                    </td>
                    <td
                      class="text-center py-2"
                    >
                      30 MB
                      <br />
                      1M chars
                    </td>
                  </tr>
                  <tr
                    class="border-b border-gray-100"
                  >
                    <td
                      class="py-2 font-mono"
                    >
                      Text (.txt)
                    </td>
                    <td
                      class="text-center py-2"
                    >
                      1 MB
                      <br />
                      1M chars
                    </td>
                  </tr>
                  <tr
                    class="border-b border-gray-100"
                  >
                    <td
                      class="py-2 font-mono"
                    >
                      HTML (.html)
                    </td>
                    <td
                      class="text-center py-2"
                    >
                      5 MB
                      <br />
                      1M chars
                    </td>
                  </tr>
                  <tr
                    class="border-b border-gray-100"
                  >
                    <td
                      class="py-2 font-mono"
                    >
                      XLIFF (.xlf/.xliff)*
                    </td>
                    <td
                      class="text-center py-2"
                    >
                      10 MB
                      <br />
                      1M chars
                    </td>
                  </tr>
                  <tr>
                    <td
                      class="py-2 font-mono"
                    >
                      SRT (.srt) 
                    </td>
                    <td
                      class="text-center py-2"
                    >
                      150 KB
                      <br />
                      1M chars
                    </td>
                  </tr>
                </tbody>
              </table>
            </div>
            <p
              class="text-xs text-gray-500 mt-3"
            >
              * Os limites aplicam-se por documento individual
            </p>
          </div>
        </div>
      </div>
    </div>
  </div>
</body>
`;
