// Vitest Snapshot v1, https://vitest.dev/guide/snapshot.html

exports[`InfoCard component > matches snapshot 1`] = `
<div>
  <div
    class="bg-white p-6 rounded-xl shadow-sm border border-gray-100"
  >
    <div
      class="w-12 h-12 rounded-lg flex items-center justify-center mb-4 bg-gray-100"
    >
      <svg
        aria-label="info icon"
        class="lucide lucide-file-text "
        fill="none"
        height="24"
        role="img"
        stroke="currentColor"
        stroke-linecap="round"
        stroke-linejoin="round"
        stroke-width="2"
        viewBox="0 0 24 24"
        width="24"
        xmlns="http://www.w3.org/2000/svg"
      >
        <path
          d="M15 2H6a2 2 0 0 0-2 2v16a2 2 0 0 0 2 2h12a2 2 0 0 0 2-2V7Z"
        />
        <path
          d="M14 2v4a2 2 0 0 0 2 2h4"
        />
        <path
          d="M10 9H8"
        />
        <path
          d="M16 13H8"
        />
        <path
          d="M16 17H8"
        />
      </svg>
    </div>
    <h3
      class="font-semibold text-gray-900 mb-2"
    >
      Snapshot Title
    </h3>
    <p
      class="text-gray-600 text-sm"
    >
      Snapshot description
    </p>
  </div>
</div>
`;
