// Vitest Snapshot v1, https://vitest.dev/guide/snapshot.html

exports[`ErrorMessage component > matches snapshot 1`] = `
<div>
  <div
    class="bg-red-50 border border-red-200 rounded-lg p-4"
  >
    <div
      class="flex items-start gap-3"
    >
      <svg
        class="lucide lucide-alert-circle w-5 h-5 text-red-500 mt-0.5 flex-shrink-0"
        data-testid="alert-icon"
        fill="none"
        height="24"
        stroke="currentColor"
        stroke-linecap="round"
        stroke-linejoin="round"
        stroke-width="2"
        viewBox="0 0 24 24"
        width="24"
        xmlns="http://www.w3.org/2000/svg"
      >
        <circle
          cx="12"
          cy="12"
          r="10"
        />
        <line
          x1="12"
          x2="12"
          y1="8"
          y2="12"
        />
        <line
          x1="12"
          x2="12.01"
          y1="16"
          y2="16"
        />
      </svg>
      <p
        class="text-red-700 text-sm"
      >
        Something went wrong
      </p>
    </div>
  </div>
</div>
`;
