// Vitest Snapshot v1, https://vitest.dev/guide/snapshot.html

exports[`Header component > matches snapshot 1`] = `
<div>
  <div
    class="text-center mb-12"
  >
    <div
      class="flex items-center justify-center mb-6"
    >
      <div
        class="bg-blue-600 p-3 rounded-xl"
      >
        <svg
          aria-label="Icone de documento"
          class="lucide lucide-file-text w-8 h-8 text-white"
          fill="none"
          height="24"
          role="img"
          stroke="currentColor"
          stroke-linecap="round"
          stroke-linejoin="round"
          stroke-width="2"
          viewBox="0 0 24 24"
          width="24"
          xmlns="http://www.w3.org/2000/svg"
        >
          <path
            d="M15 2H6a2 2 0 0 0-2 2v16a2 2 0 0 0 2 2h12a2 2 0 0 0 2-2V7Z"
          />
          <path
            d="M14 2v4a2 2 0 0 0 2 2h4"
          />
          <path
            d="M10 9H8"
          />
          <path
            d="M16 13H8"
          />
          <path
            d="M16 17H8"
          />
        </svg>
      </div>
    </div>
    <h1
      class="text-4xl font-bold text-gray-900 mb-4"
    >
      Tradutor de Documentos
    </h1>
    <p
      class="text-xl text-gray-600 max-w-2xl mx-auto"
    >
      Traduza seus documentos usando a API do DeepL
    </p>
  </div>
</div>
`;
